// Jest Snapshot v1, https://goo.gl/fbAQLP

exports[`<Player /> renders without crashing 1`] = `
ShallowWrapper {
  "length": 1,
  Symbol(enzyme.__root__): [Circular],
  Symbol(enzyme.__unrendered__): <Player
    onGameOver={[Function]}
    player={
      Object {
        "life": 40,
        "name": "John Doe",
      }
    }
    size="small"
  />,
  Symbol(enzyme.__renderer__): Object {
    "batchedUpdates": [Function],
    "getNode": [Function],
    "render": [Function],
    "simulateEvent": [Function],
    "unmount": [Function],
  },
  Symbol(enzyme.__node__): Object {
    "instance": null,
    "key": undefined,
    "nodeType": "class",
    "props": Object {
      "children": Array [
        <NumberSpinner
          max={9007199254740991}
          min={-9007199254740991}
          onChange={[Function]}
          size="small"
          step={1}
          stepLarge={10}
          value={40}
        />,
        <Text
          style={
            Object {
              "alignSelf": "center",
              "color": undefined,
              "fontSize": 90,
              "paddingVertical": 5,
            }
          }
          type="label"
        >
          John Doe
        </Text>,
      ],
      "style": Object {
        "alignItems": "stretch",
        "borderColor": "#262626",
        "borderStyle": "solid",
        "borderWidth": 3,
        "flex": 1,
        "height": "100%",
        "justifyContent": "flex-start",
        "width": "100%",
      },
    },
    "ref": null,
    "rendered": Array [
      Object {
        "instance": null,
        "key": undefined,
        "nodeType": "class",
        "props": Object {
          "max": 9007199254740991,
          "min": -9007199254740991,
          "onChange": [Function],
          "size": "small",
          "step": 1,
          "stepLarge": 10,
          "value": 40,
        },
        "ref": null,
        "rendered": null,
        "type": [Function],
      },
      Object {
        "instance": null,
        "key": undefined,
        "nodeType": "function",
        "props": Object {
          "children": "John Doe",
          "style": Object {
            "alignSelf": "center",
            "color": undefined,
            "fontSize": 90,
            "paddingVertical": 5,
          },
          "type": "label",
        },
        "ref": null,
        "rendered": "John Doe",
        "type": [Function],
      },
    ],
    "type": [Function],
  },
  Symbol(enzyme.__nodes__): Array [
    Object {
      "instance": null,
      "key": undefined,
      "nodeType": "class",
      "props": Object {
        "children": Array [
          <NumberSpinner
            max={9007199254740991}
            min={-9007199254740991}
            onChange={[Function]}
            size="small"
            step={1}
            stepLarge={10}
            value={40}
          />,
          <Text
            style={
              Object {
                "alignSelf": "center",
                "color": undefined,
                "fontSize": 90,
                "paddingVertical": 5,
              }
            }
            type="label"
          >
            John Doe
          </Text>,
        ],
        "style": Object {
          "alignItems": "stretch",
          "borderColor": "#262626",
          "borderStyle": "solid",
          "borderWidth": 3,
          "flex": 1,
          "height": "100%",
          "justifyContent": "flex-start",
          "width": "100%",
        },
      },
      "ref": null,
      "rendered": Array [
        Object {
          "instance": null,
          "key": undefined,
          "nodeType": "class",
          "props": Object {
            "max": 9007199254740991,
            "min": -9007199254740991,
            "onChange": [Function],
            "size": "small",
            "step": 1,
            "stepLarge": 10,
            "value": 40,
          },
          "ref": null,
          "rendered": null,
          "type": [Function],
        },
        Object {
          "instance": null,
          "key": undefined,
          "nodeType": "function",
          "props": Object {
            "children": "John Doe",
            "style": Object {
              "alignSelf": "center",
              "color": undefined,
              "fontSize": 90,
              "paddingVertical": 5,
            },
            "type": "label",
          },
          "ref": null,
          "rendered": "John Doe",
          "type": [Function],
        },
      ],
      "type": [Function],
    },
  ],
  Symbol(enzyme.__options__): Object {
    "adapter": ReactSixteenAdapter {
      "options": Object {
        "enableComponentDidUpdateOnSetState": true,
      },
    },
  },
}
`;
