// Jest Snapshot v1, https://goo.gl/fbAQLP

exports[`<GameSettings /> renders without crashing 1`] = `
ShallowWrapper {
  "length": 1,
  Symbol(enzyme.__root__): [Circular],
  Symbol(enzyme.__unrendered__): <GameSettings />,
  Symbol(enzyme.__renderer__): Object {
    "batchedUpdates": [Function],
    "getNode": [Function],
    "render": [Function],
    "simulateEvent": [Function],
    "unmount": [Function],
  },
  Symbol(enzyme.__node__): Object {
    "instance": null,
    "key": undefined,
    "nodeType": "class",
    "props": Object {
      "children": Array [
        <Text
          accessible={true}
          allowFontScaling={true}
          disabled={false}
          ellipsizeMode="tail"
          style={
            Object {
              "color": "white",
              "fontSize": 18,
              "fontWeight": "bold",
            }
          }
        >
          Number of players [1-6]
        </Text>,
        <NumberSpinner
          max={6}
          min={1}
          onChange={[Function]}
          step={1}
          stepLarge={10}
          value={2}
        />,
        <Text
          accessible={true}
          allowFontScaling={true}
          disabled={false}
          ellipsizeMode="tail"
          style={
            Object {
              "color": "white",
              "fontSize": 18,
              "fontWeight": "bold",
            }
          }
        >
          Starting lifepoints [
          20
          ]
        </Text>,
        <View
          style={
            Object {
              "alignItems": "center",
              "flex": 1,
              "flexDirection": "row",
              "height": "20%",
              "justifyContent": "center",
            }
          }
        >
          <Button
            onPress={[Function]}
            style={
              Array [
                Object {
                  "alignSelf": "baseline",
                  "backgroundColor": "steelblue",
                  "color": "white",
                  "height": 50,
                  "textAlign": "center",
                  "textAlignVertical": "center",
                  "width": "100%",
                },
                Object {
                  "backgroundColor": "red",
                },
              ]
            }
            title="20"
          />
          <Button
            onPress={[Function]}
            style={
              Array [
                Object {
                  "alignSelf": "baseline",
                  "backgroundColor": "steelblue",
                  "color": "white",
                  "height": 50,
                  "textAlign": "center",
                  "textAlignVertical": "center",
                  "width": "100%",
                },
                null,
              ]
            }
            title="30"
          />
          <Button
            onPress={[Function]}
            style={
              Array [
                Object {
                  "alignSelf": "baseline",
                  "backgroundColor": "steelblue",
                  "color": "white",
                  "height": 50,
                  "textAlign": "center",
                  "textAlignVertical": "center",
                  "width": "100%",
                },
                null,
              ]
            }
            title="40"
          />
        </View>,
        <Button
          onPress={[Function]}
          style={
            Object {
              "alignSelf": "baseline",
              "backgroundColor": "steelblue",
              "color": "white",
              "height": 50,
              "textAlign": "center",
              "textAlignVertical": "center",
              "width": "100%",
            }
          }
          title="Start game"
        />,
      ],
      "style": Object {
        "alignItems": "stretch",
        "backgroundColor": "black",
        "flex": 1,
        "flexDirection": "column",
      },
    },
    "ref": null,
    "rendered": Array [
      Object {
        "instance": null,
        "key": undefined,
        "nodeType": "class",
        "props": Object {
          "accessible": true,
          "allowFontScaling": true,
          "children": "Number of players [1-6]",
          "disabled": false,
          "ellipsizeMode": "tail",
          "style": Object {
            "color": "white",
            "fontSize": 18,
            "fontWeight": "bold",
          },
        },
        "ref": null,
        "rendered": "Number of players [1-6]",
        "type": [Function],
      },
      Object {
        "instance": null,
        "key": undefined,
        "nodeType": "class",
        "props": Object {
          "max": 6,
          "min": 1,
          "onChange": [Function],
          "step": 1,
          "stepLarge": 10,
          "value": 2,
        },
        "ref": null,
        "rendered": null,
        "type": [Function],
      },
      Object {
        "instance": null,
        "key": undefined,
        "nodeType": "class",
        "props": Object {
          "accessible": true,
          "allowFontScaling": true,
          "children": Array [
            "Starting lifepoints [",
            20,
            "]",
          ],
          "disabled": false,
          "ellipsizeMode": "tail",
          "style": Object {
            "color": "white",
            "fontSize": 18,
            "fontWeight": "bold",
          },
        },
        "ref": null,
        "rendered": Array [
          "Starting lifepoints [",
          20,
          "]",
        ],
        "type": [Function],
      },
      Object {
        "instance": null,
        "key": undefined,
        "nodeType": "class",
        "props": Object {
          "children": Array [
            <Button
              onPress={[Function]}
              style={
                Array [
                  Object {
                    "alignSelf": "baseline",
                    "backgroundColor": "steelblue",
                    "color": "white",
                    "height": 50,
                    "textAlign": "center",
                    "textAlignVertical": "center",
                    "width": "100%",
                  },
                  Object {
                    "backgroundColor": "red",
                  },
                ]
              }
              title="20"
            />,
            <Button
              onPress={[Function]}
              style={
                Array [
                  Object {
                    "alignSelf": "baseline",
                    "backgroundColor": "steelblue",
                    "color": "white",
                    "height": 50,
                    "textAlign": "center",
                    "textAlignVertical": "center",
                    "width": "100%",
                  },
                  null,
                ]
              }
              title="30"
            />,
            <Button
              onPress={[Function]}
              style={
                Array [
                  Object {
                    "alignSelf": "baseline",
                    "backgroundColor": "steelblue",
                    "color": "white",
                    "height": 50,
                    "textAlign": "center",
                    "textAlignVertical": "center",
                    "width": "100%",
                  },
                  null,
                ]
              }
              title="40"
            />,
          ],
          "style": Object {
            "alignItems": "center",
            "flex": 1,
            "flexDirection": "row",
            "height": "20%",
            "justifyContent": "center",
          },
        },
        "ref": null,
        "rendered": Array [
          Object {
            "instance": null,
            "key": "buttonLifePoints20",
            "nodeType": "class",
            "props": Object {
              "onPress": [Function],
              "style": Array [
                Object {
                  "alignSelf": "baseline",
                  "backgroundColor": "steelblue",
                  "color": "white",
                  "height": 50,
                  "textAlign": "center",
                  "textAlignVertical": "center",
                  "width": "100%",
                },
                Object {
                  "backgroundColor": "red",
                },
              ],
              "title": "20",
            },
            "ref": null,
            "rendered": null,
            "type": [Function],
          },
          Object {
            "instance": null,
            "key": "buttonLifePoints30",
            "nodeType": "class",
            "props": Object {
              "onPress": [Function],
              "style": Array [
                Object {
                  "alignSelf": "baseline",
                  "backgroundColor": "steelblue",
                  "color": "white",
                  "height": 50,
                  "textAlign": "center",
                  "textAlignVertical": "center",
                  "width": "100%",
                },
                null,
              ],
              "title": "30",
            },
            "ref": null,
            "rendered": null,
            "type": [Function],
          },
          Object {
            "instance": null,
            "key": "buttonLifePoints40",
            "nodeType": "class",
            "props": Object {
              "onPress": [Function],
              "style": Array [
                Object {
                  "alignSelf": "baseline",
                  "backgroundColor": "steelblue",
                  "color": "white",
                  "height": 50,
                  "textAlign": "center",
                  "textAlignVertical": "center",
                  "width": "100%",
                },
                null,
              ],
              "title": "40",
            },
            "ref": null,
            "rendered": null,
            "type": [Function],
          },
        ],
        "type": [Function],
      },
      Object {
        "instance": null,
        "key": undefined,
        "nodeType": "class",
        "props": Object {
          "onPress": [Function],
          "style": Object {
            "alignSelf": "baseline",
            "backgroundColor": "steelblue",
            "color": "white",
            "height": 50,
            "textAlign": "center",
            "textAlignVertical": "center",
            "width": "100%",
          },
          "title": "Start game",
        },
        "ref": null,
        "rendered": null,
        "type": [Function],
      },
    ],
    "type": [Function],
  },
  Symbol(enzyme.__nodes__): Array [
    Object {
      "instance": null,
      "key": undefined,
      "nodeType": "class",
      "props": Object {
        "children": Array [
          <Text
            accessible={true}
            allowFontScaling={true}
            disabled={false}
            ellipsizeMode="tail"
            style={
              Object {
                "color": "white",
                "fontSize": 18,
                "fontWeight": "bold",
              }
            }
          >
            Number of players [1-6]
          </Text>,
          <NumberSpinner
            max={6}
            min={1}
            onChange={[Function]}
            step={1}
            stepLarge={10}
            value={2}
          />,
          <Text
            accessible={true}
            allowFontScaling={true}
            disabled={false}
            ellipsizeMode="tail"
            style={
              Object {
                "color": "white",
                "fontSize": 18,
                "fontWeight": "bold",
              }
            }
          >
            Starting lifepoints [
            20
            ]
          </Text>,
          <View
            style={
              Object {
                "alignItems": "center",
                "flex": 1,
                "flexDirection": "row",
                "height": "20%",
                "justifyContent": "center",
              }
            }
          >
            <Button
              onPress={[Function]}
              style={
                Array [
                  Object {
                    "alignSelf": "baseline",
                    "backgroundColor": "steelblue",
                    "color": "white",
                    "height": 50,
                    "textAlign": "center",
                    "textAlignVertical": "center",
                    "width": "100%",
                  },
                  Object {
                    "backgroundColor": "red",
                  },
                ]
              }
              title="20"
            />
            <Button
              onPress={[Function]}
              style={
                Array [
                  Object {
                    "alignSelf": "baseline",
                    "backgroundColor": "steelblue",
                    "color": "white",
                    "height": 50,
                    "textAlign": "center",
                    "textAlignVertical": "center",
                    "width": "100%",
                  },
                  null,
                ]
              }
              title="30"
            />
            <Button
              onPress={[Function]}
              style={
                Array [
                  Object {
                    "alignSelf": "baseline",
                    "backgroundColor": "steelblue",
                    "color": "white",
                    "height": 50,
                    "textAlign": "center",
                    "textAlignVertical": "center",
                    "width": "100%",
                  },
                  null,
                ]
              }
              title="40"
            />
          </View>,
          <Button
            onPress={[Function]}
            style={
              Object {
                "alignSelf": "baseline",
                "backgroundColor": "steelblue",
                "color": "white",
                "height": 50,
                "textAlign": "center",
                "textAlignVertical": "center",
                "width": "100%",
              }
            }
            title="Start game"
          />,
        ],
        "style": Object {
          "alignItems": "stretch",
          "backgroundColor": "black",
          "flex": 1,
          "flexDirection": "column",
        },
      },
      "ref": null,
      "rendered": Array [
        Object {
          "instance": null,
          "key": undefined,
          "nodeType": "class",
          "props": Object {
            "accessible": true,
            "allowFontScaling": true,
            "children": "Number of players [1-6]",
            "disabled": false,
            "ellipsizeMode": "tail",
            "style": Object {
              "color": "white",
              "fontSize": 18,
              "fontWeight": "bold",
            },
          },
          "ref": null,
          "rendered": "Number of players [1-6]",
          "type": [Function],
        },
        Object {
          "instance": null,
          "key": undefined,
          "nodeType": "class",
          "props": Object {
            "max": 6,
            "min": 1,
            "onChange": [Function],
            "step": 1,
            "stepLarge": 10,
            "value": 2,
          },
          "ref": null,
          "rendered": null,
          "type": [Function],
        },
        Object {
          "instance": null,
          "key": undefined,
          "nodeType": "class",
          "props": Object {
            "accessible": true,
            "allowFontScaling": true,
            "children": Array [
              "Starting lifepoints [",
              20,
              "]",
            ],
            "disabled": false,
            "ellipsizeMode": "tail",
            "style": Object {
              "color": "white",
              "fontSize": 18,
              "fontWeight": "bold",
            },
          },
          "ref": null,
          "rendered": Array [
            "Starting lifepoints [",
            20,
            "]",
          ],
          "type": [Function],
        },
        Object {
          "instance": null,
          "key": undefined,
          "nodeType": "class",
          "props": Object {
            "children": Array [
              <Button
                onPress={[Function]}
                style={
                  Array [
                    Object {
                      "alignSelf": "baseline",
                      "backgroundColor": "steelblue",
                      "color": "white",
                      "height": 50,
                      "textAlign": "center",
                      "textAlignVertical": "center",
                      "width": "100%",
                    },
                    Object {
                      "backgroundColor": "red",
                    },
                  ]
                }
                title="20"
              />,
              <Button
                onPress={[Function]}
                style={
                  Array [
                    Object {
                      "alignSelf": "baseline",
                      "backgroundColor": "steelblue",
                      "color": "white",
                      "height": 50,
                      "textAlign": "center",
                      "textAlignVertical": "center",
                      "width": "100%",
                    },
                    null,
                  ]
                }
                title="30"
              />,
              <Button
                onPress={[Function]}
                style={
                  Array [
                    Object {
                      "alignSelf": "baseline",
                      "backgroundColor": "steelblue",
                      "color": "white",
                      "height": 50,
                      "textAlign": "center",
                      "textAlignVertical": "center",
                      "width": "100%",
                    },
                    null,
                  ]
                }
                title="40"
              />,
            ],
            "style": Object {
              "alignItems": "center",
              "flex": 1,
              "flexDirection": "row",
              "height": "20%",
              "justifyContent": "center",
            },
          },
          "ref": null,
          "rendered": Array [
            Object {
              "instance": null,
              "key": "buttonLifePoints20",
              "nodeType": "class",
              "props": Object {
                "onPress": [Function],
                "style": Array [
                  Object {
                    "alignSelf": "baseline",
                    "backgroundColor": "steelblue",
                    "color": "white",
                    "height": 50,
                    "textAlign": "center",
                    "textAlignVertical": "center",
                    "width": "100%",
                  },
                  Object {
                    "backgroundColor": "red",
                  },
                ],
                "title": "20",
              },
              "ref": null,
              "rendered": null,
              "type": [Function],
            },
            Object {
              "instance": null,
              "key": "buttonLifePoints30",
              "nodeType": "class",
              "props": Object {
                "onPress": [Function],
                "style": Array [
                  Object {
                    "alignSelf": "baseline",
                    "backgroundColor": "steelblue",
                    "color": "white",
                    "height": 50,
                    "textAlign": "center",
                    "textAlignVertical": "center",
                    "width": "100%",
                  },
                  null,
                ],
                "title": "30",
              },
              "ref": null,
              "rendered": null,
              "type": [Function],
            },
            Object {
              "instance": null,
              "key": "buttonLifePoints40",
              "nodeType": "class",
              "props": Object {
                "onPress": [Function],
                "style": Array [
                  Object {
                    "alignSelf": "baseline",
                    "backgroundColor": "steelblue",
                    "color": "white",
                    "height": 50,
                    "textAlign": "center",
                    "textAlignVertical": "center",
                    "width": "100%",
                  },
                  null,
                ],
                "title": "40",
              },
              "ref": null,
              "rendered": null,
              "type": [Function],
            },
          ],
          "type": [Function],
        },
        Object {
          "instance": null,
          "key": undefined,
          "nodeType": "class",
          "props": Object {
            "onPress": [Function],
            "style": Object {
              "alignSelf": "baseline",
              "backgroundColor": "steelblue",
              "color": "white",
              "height": 50,
              "textAlign": "center",
              "textAlignVertical": "center",
              "width": "100%",
            },
            "title": "Start game",
          },
          "ref": null,
          "rendered": null,
          "type": [Function],
        },
      ],
      "type": [Function],
    },
  ],
  Symbol(enzyme.__options__): Object {
    "adapter": ReactSixteenAdapter {
      "options": Object {
        "enableComponentDidUpdateOnSetState": true,
      },
    },
  },
}
`;
