// Jest Snapshot v1, https://goo.gl/fbAQLP

exports[`<NumberSpinner /> renders without crashing 1`] = `
ShallowWrapper {
  "length": 1,
  Symbol(enzyme.__root__): [Circular],
  Symbol(enzyme.__unrendered__): <NumberSpinner
    onChange={[Function]}
    step={1}
    stepLarge={10}
    value={20}
  />,
  Symbol(enzyme.__renderer__): Object {
    "batchedUpdates": [Function],
    "getNode": [Function],
    "render": [Function],
    "simulateEvent": [Function],
    "unmount": [Function],
  },
  Symbol(enzyme.__node__): Object {
    "instance": null,
    "key": undefined,
    "nodeType": "class",
    "props": Object {
      "children": Array [
        <SpinnerButton
          content="-"
          onHold={[Function]}
          onPress={[Function]}
        />,
        <Text
          accessible={true}
          allowFontScaling={true}
          disabled={false}
          ellipsizeMode="tail"
          style={
            Object {
              "alignSelf": "center",
              "color": "white",
              "fontSize": 40,
              "height": "100%",
              "textAlign": "center",
              "textAlignVertical": "center",
              "width": "30%",
            }
          }
        >
          20
        </Text>,
        <SpinnerButton
          content="+"
          onHold={[Function]}
          onPress={[Function]}
        />,
      ],
      "style": Object {
        "alignItems": "center",
        "flex": 1,
        "flexDirection": "row",
        "justifyContent": "center",
      },
    },
    "ref": null,
    "rendered": Array [
      Object {
        "instance": null,
        "key": undefined,
        "nodeType": "class",
        "props": Object {
          "content": "-",
          "onHold": [Function],
          "onPress": [Function],
        },
        "ref": null,
        "rendered": null,
        "type": [Function],
      },
      Object {
        "instance": null,
        "key": undefined,
        "nodeType": "class",
        "props": Object {
          "accessible": true,
          "allowFontScaling": true,
          "children": 20,
          "disabled": false,
          "ellipsizeMode": "tail",
          "style": Object {
            "alignSelf": "center",
            "color": "white",
            "fontSize": 40,
            "height": "100%",
            "textAlign": "center",
            "textAlignVertical": "center",
            "width": "30%",
          },
        },
        "ref": null,
        "rendered": 20,
        "type": [Function],
      },
      Object {
        "instance": null,
        "key": undefined,
        "nodeType": "class",
        "props": Object {
          "content": "+",
          "onHold": [Function],
          "onPress": [Function],
        },
        "ref": null,
        "rendered": null,
        "type": [Function],
      },
    ],
    "type": [Function],
  },
  Symbol(enzyme.__nodes__): Array [
    Object {
      "instance": null,
      "key": undefined,
      "nodeType": "class",
      "props": Object {
        "children": Array [
          <SpinnerButton
            content="-"
            onHold={[Function]}
            onPress={[Function]}
          />,
          <Text
            accessible={true}
            allowFontScaling={true}
            disabled={false}
            ellipsizeMode="tail"
            style={
              Object {
                "alignSelf": "center",
                "color": "white",
                "fontSize": 40,
                "height": "100%",
                "textAlign": "center",
                "textAlignVertical": "center",
                "width": "30%",
              }
            }
          >
            20
          </Text>,
          <SpinnerButton
            content="+"
            onHold={[Function]}
            onPress={[Function]}
          />,
        ],
        "style": Object {
          "alignItems": "center",
          "flex": 1,
          "flexDirection": "row",
          "justifyContent": "center",
        },
      },
      "ref": null,
      "rendered": Array [
        Object {
          "instance": null,
          "key": undefined,
          "nodeType": "class",
          "props": Object {
            "content": "-",
            "onHold": [Function],
            "onPress": [Function],
          },
          "ref": null,
          "rendered": null,
          "type": [Function],
        },
        Object {
          "instance": null,
          "key": undefined,
          "nodeType": "class",
          "props": Object {
            "accessible": true,
            "allowFontScaling": true,
            "children": 20,
            "disabled": false,
            "ellipsizeMode": "tail",
            "style": Object {
              "alignSelf": "center",
              "color": "white",
              "fontSize": 40,
              "height": "100%",
              "textAlign": "center",
              "textAlignVertical": "center",
              "width": "30%",
            },
          },
          "ref": null,
          "rendered": 20,
          "type": [Function],
        },
        Object {
          "instance": null,
          "key": undefined,
          "nodeType": "class",
          "props": Object {
            "content": "+",
            "onHold": [Function],
            "onPress": [Function],
          },
          "ref": null,
          "rendered": null,
          "type": [Function],
        },
      ],
      "type": [Function],
    },
  ],
  Symbol(enzyme.__options__): Object {
    "adapter": ReactSixteenAdapter {
      "options": Object {
        "enableComponentDidUpdateOnSetState": true,
      },
    },
  },
}
`;
