// Jest Snapshot v1, https://goo.gl/fbAQLP

exports[`<SpinnerButton /> renders without crashing 1`] = `
ShallowWrapper {
  "length": 1,
  Symbol(enzyme.__root__): [Circular],
  Symbol(enzyme.__unrendered__): <SpinnerButton
    content="-"
    onPress={[Function]}
  />,
  Symbol(enzyme.__renderer__): Object {
    "batchedUpdates": [Function],
    "getNode": [Function],
    "render": [Function],
    "simulateEvent": [Function],
    "unmount": [Function],
  },
  Symbol(enzyme.__node__): Object {
    "instance": null,
    "key": undefined,
    "nodeType": "class",
    "props": Object {
      "children": <View
        style={
          Array [
            Object {
              "width": "20%",
            },
          ]
        }
      >
        <Text
          accessible={true}
          allowFontScaling={true}
          disabled={false}
          ellipsizeMode="tail"
          style={
            Object {
              "color": "#b2b2b0",
              "fontFamily": "cloisterblack",
              "fontSize": 32,
              "height": "100%",
              "textAlign": "center",
              "textAlignVertical": "center",
              "width": "100%",
            }
          }
        >
          -
        </Text>
      </View>,
      "onPress": [Function],
      "onPressIn": [Function],
      "onPressOut": [Function],
    },
    "ref": null,
    "rendered": Object {
      "instance": null,
      "key": undefined,
      "nodeType": "class",
      "props": Object {
        "children": <Text
          accessible={true}
          allowFontScaling={true}
          disabled={false}
          ellipsizeMode="tail"
          style={
            Object {
              "color": "#b2b2b0",
              "fontFamily": "cloisterblack",
              "fontSize": 32,
              "height": "100%",
              "textAlign": "center",
              "textAlignVertical": "center",
              "width": "100%",
            }
          }
        >
          -
        </Text>,
        "style": Array [
          Object {
            "width": "20%",
          },
        ],
      },
      "ref": null,
      "rendered": Object {
        "instance": null,
        "key": undefined,
        "nodeType": "class",
        "props": Object {
          "accessible": true,
          "allowFontScaling": true,
          "children": "-",
          "disabled": false,
          "ellipsizeMode": "tail",
          "style": Object {
            "color": "#b2b2b0",
            "fontFamily": "cloisterblack",
            "fontSize": 32,
            "height": "100%",
            "textAlign": "center",
            "textAlignVertical": "center",
            "width": "100%",
          },
        },
        "ref": null,
        "rendered": "-",
        "type": [Function],
      },
      "type": [Function],
    },
    "type": [Function],
  },
  Symbol(enzyme.__nodes__): Array [
    Object {
      "instance": null,
      "key": undefined,
      "nodeType": "class",
      "props": Object {
        "children": <View
          style={
            Array [
              Object {
                "width": "20%",
              },
            ]
          }
        >
          <Text
            accessible={true}
            allowFontScaling={true}
            disabled={false}
            ellipsizeMode="tail"
            style={
              Object {
                "color": "#b2b2b0",
                "fontFamily": "cloisterblack",
                "fontSize": 32,
                "height": "100%",
                "textAlign": "center",
                "textAlignVertical": "center",
                "width": "100%",
              }
            }
          >
            -
          </Text>
        </View>,
        "onPress": [Function],
        "onPressIn": [Function],
        "onPressOut": [Function],
      },
      "ref": null,
      "rendered": Object {
        "instance": null,
        "key": undefined,
        "nodeType": "class",
        "props": Object {
          "children": <Text
            accessible={true}
            allowFontScaling={true}
            disabled={false}
            ellipsizeMode="tail"
            style={
              Object {
                "color": "#b2b2b0",
                "fontFamily": "cloisterblack",
                "fontSize": 32,
                "height": "100%",
                "textAlign": "center",
                "textAlignVertical": "center",
                "width": "100%",
              }
            }
          >
            -
          </Text>,
          "style": Array [
            Object {
              "width": "20%",
            },
          ],
        },
        "ref": null,
        "rendered": Object {
          "instance": null,
          "key": undefined,
          "nodeType": "class",
          "props": Object {
            "accessible": true,
            "allowFontScaling": true,
            "children": "-",
            "disabled": false,
            "ellipsizeMode": "tail",
            "style": Object {
              "color": "#b2b2b0",
              "fontFamily": "cloisterblack",
              "fontSize": 32,
              "height": "100%",
              "textAlign": "center",
              "textAlignVertical": "center",
              "width": "100%",
            },
          },
          "ref": null,
          "rendered": "-",
          "type": [Function],
        },
        "type": [Function],
      },
      "type": [Function],
    },
  ],
  Symbol(enzyme.__options__): Object {
    "adapter": ReactSixteenAdapter {
      "options": Object {
        "enableComponentDidUpdateOnSetState": true,
      },
    },
  },
}
`;
