// Jest Snapshot v1, https://goo.gl/fbAQLP

exports[`<GameSettings /> renders without crashing 1`] = `
ShallowWrapper {
  "length": 1,
  Symbol(enzyme.__root__): [Circular],
  Symbol(enzyme.__unrendered__): <GameSettings
    navigation={Object {}}
  />,
  Symbol(enzyme.__renderer__): Object {
    "batchedUpdates": [Function],
    "getNode": [Function],
    "render": [Function],
    "simulateEvent": [Function],
    "unmount": [Function],
  },
  Symbol(enzyme.__node__): Object {
    "instance": null,
    "key": undefined,
    "nodeType": "class",
    "props": Object {
      "children": Array [
        <Image
          source={
            Object {
              "testUri": "../../../js/screens/Game/bgicon.png",
            }
          }
          style={
            Array [
              Object {
                "bottom": 0,
                "left": 0,
                "position": "absolute",
                "right": 0,
                "top": 0,
              },
              Object {
                "height": 1334,
                "width": "100%",
              },
            ]
          }
        />,
        <Text
          style={null}
          type="label"
        >
          Players
        </Text>,
        <NumberSpinner
          max={6}
          min={1}
          onChange={[Function]}
          size="large"
          step={1}
          stepLarge={1}
          value={2}
        />,
        <Text
          style={null}
          type="label"
        >
          Lifepoints
        </Text>,
        <View
          style={
            Object {
              "alignItems": "center",
              "flex": 1,
              "flexDirection": "row",
              "height": "20%",
              "justifyContent": "space-around",
            }
          }
        >
          <Text
            onPress={[Function]}
            style={
              Array [
                Object {
                  "flex": 1,
                  "fontFamily": "cloisterblack",
                  "fontSize": 135,
                  "paddingVertical": 34,
                },
                Object {
                  "backgroundColor": "#710000",
                },
              ]
            }
            type="button"
          >
            20
          </Text>
          <Text
            onPress={[Function]}
            style={
              Array [
                Object {
                  "flex": 1,
                  "fontFamily": "cloisterblack",
                  "fontSize": 135,
                  "paddingVertical": 34,
                },
                null,
              ]
            }
            type="button"
          >
            30
          </Text>
          <Text
            onPress={[Function]}
            style={
              Array [
                Object {
                  "flex": 1,
                  "fontFamily": "cloisterblack",
                  "fontSize": 135,
                  "paddingVertical": 34,
                },
                null,
              ]
            }
            type="button"
          >
            40
          </Text>
        </View>,
        <View
          style={
            Object {
              "padding": 22.5,
              "width": "100%",
            }
          }
        >
          <Text
            onPress={[Function]}
            style={
              Object {
                "fontSize": 180,
                "paddingVertical": 67.5,
                "width": "100%",
              }
            }
            type="button"
          >
            Start
          </Text>
        </View>,
      ],
      "style": Object {
        "alignItems": "stretch",
        "backgroundColor": "#161616",
        "flex": 1,
        "flexDirection": "column",
        "justifyContent": "flex-end",
      },
    },
    "ref": null,
    "rendered": Array [
      Object {
        "instance": null,
        "key": undefined,
        "nodeType": "class",
        "props": Object {
          "source": Object {
            "testUri": "../../../js/screens/Game/bgicon.png",
          },
          "style": Array [
            Object {
              "bottom": 0,
              "left": 0,
              "position": "absolute",
              "right": 0,
              "top": 0,
            },
            Object {
              "height": 1334,
              "width": "100%",
            },
          ],
        },
        "ref": null,
        "rendered": null,
        "type": [Function],
      },
      Object {
        "instance": null,
        "key": undefined,
        "nodeType": "function",
        "props": Object {
          "children": "Players",
          "style": null,
          "type": "label",
        },
        "ref": null,
        "rendered": "Players",
        "type": [Function],
      },
      Object {
        "instance": null,
        "key": undefined,
        "nodeType": "class",
        "props": Object {
          "max": 6,
          "min": 1,
          "onChange": [Function],
          "size": "large",
          "step": 1,
          "stepLarge": 1,
          "value": 2,
        },
        "ref": null,
        "rendered": null,
        "type": [Function],
      },
      Object {
        "instance": null,
        "key": undefined,
        "nodeType": "function",
        "props": Object {
          "children": "Lifepoints",
          "style": null,
          "type": "label",
        },
        "ref": null,
        "rendered": "Lifepoints",
        "type": [Function],
      },
      Object {
        "instance": null,
        "key": undefined,
        "nodeType": "class",
        "props": Object {
          "children": Array [
            <Text
              onPress={[Function]}
              style={
                Array [
                  Object {
                    "flex": 1,
                    "fontFamily": "cloisterblack",
                    "fontSize": 135,
                    "paddingVertical": 34,
                  },
                  Object {
                    "backgroundColor": "#710000",
                  },
                ]
              }
              type="button"
            >
              20
            </Text>,
            <Text
              onPress={[Function]}
              style={
                Array [
                  Object {
                    "flex": 1,
                    "fontFamily": "cloisterblack",
                    "fontSize": 135,
                    "paddingVertical": 34,
                  },
                  null,
                ]
              }
              type="button"
            >
              30
            </Text>,
            <Text
              onPress={[Function]}
              style={
                Array [
                  Object {
                    "flex": 1,
                    "fontFamily": "cloisterblack",
                    "fontSize": 135,
                    "paddingVertical": 34,
                  },
                  null,
                ]
              }
              type="button"
            >
              40
            </Text>,
          ],
          "style": Object {
            "alignItems": "center",
            "flex": 1,
            "flexDirection": "row",
            "height": "20%",
            "justifyContent": "space-around",
          },
        },
        "ref": null,
        "rendered": Array [
          Object {
            "instance": null,
            "key": "buttonLifePoints20",
            "nodeType": "function",
            "props": Object {
              "children": 20,
              "onPress": [Function],
              "style": Array [
                Object {
                  "flex": 1,
                  "fontFamily": "cloisterblack",
                  "fontSize": 135,
                  "paddingVertical": 34,
                },
                Object {
                  "backgroundColor": "#710000",
                },
              ],
              "type": "button",
            },
            "ref": null,
            "rendered": 20,
            "type": [Function],
          },
          Object {
            "instance": null,
            "key": "buttonLifePoints30",
            "nodeType": "function",
            "props": Object {
              "children": 30,
              "onPress": [Function],
              "style": Array [
                Object {
                  "flex": 1,
                  "fontFamily": "cloisterblack",
                  "fontSize": 135,
                  "paddingVertical": 34,
                },
                null,
              ],
              "type": "button",
            },
            "ref": null,
            "rendered": 30,
            "type": [Function],
          },
          Object {
            "instance": null,
            "key": "buttonLifePoints40",
            "nodeType": "function",
            "props": Object {
              "children": 40,
              "onPress": [Function],
              "style": Array [
                Object {
                  "flex": 1,
                  "fontFamily": "cloisterblack",
                  "fontSize": 135,
                  "paddingVertical": 34,
                },
                null,
              ],
              "type": "button",
            },
            "ref": null,
            "rendered": 40,
            "type": [Function],
          },
        ],
        "type": [Function],
      },
      Object {
        "instance": null,
        "key": undefined,
        "nodeType": "class",
        "props": Object {
          "children": <Text
            onPress={[Function]}
            style={
              Object {
                "fontSize": 180,
                "paddingVertical": 67.5,
                "width": "100%",
              }
            }
            type="button"
          >
            Start
          </Text>,
          "style": Object {
            "padding": 22.5,
            "width": "100%",
          },
        },
        "ref": null,
        "rendered": Object {
          "instance": null,
          "key": undefined,
          "nodeType": "function",
          "props": Object {
            "children": "Start",
            "onPress": [Function],
            "style": Object {
              "fontSize": 180,
              "paddingVertical": 67.5,
              "width": "100%",
            },
            "type": "button",
          },
          "ref": null,
          "rendered": "Start",
          "type": [Function],
        },
        "type": [Function],
      },
    ],
    "type": [Function],
  },
  Symbol(enzyme.__nodes__): Array [
    Object {
      "instance": null,
      "key": undefined,
      "nodeType": "class",
      "props": Object {
        "children": Array [
          <Image
            source={
              Object {
                "testUri": "../../../js/screens/Game/bgicon.png",
              }
            }
            style={
              Array [
                Object {
                  "bottom": 0,
                  "left": 0,
                  "position": "absolute",
                  "right": 0,
                  "top": 0,
                },
                Object {
                  "height": 1334,
                  "width": "100%",
                },
              ]
            }
          />,
          <Text
            style={null}
            type="label"
          >
            Players
          </Text>,
          <NumberSpinner
            max={6}
            min={1}
            onChange={[Function]}
            size="large"
            step={1}
            stepLarge={1}
            value={2}
          />,
          <Text
            style={null}
            type="label"
          >
            Lifepoints
          </Text>,
          <View
            style={
              Object {
                "alignItems": "center",
                "flex": 1,
                "flexDirection": "row",
                "height": "20%",
                "justifyContent": "space-around",
              }
            }
          >
            <Text
              onPress={[Function]}
              style={
                Array [
                  Object {
                    "flex": 1,
                    "fontFamily": "cloisterblack",
                    "fontSize": 135,
                    "paddingVertical": 34,
                  },
                  Object {
                    "backgroundColor": "#710000",
                  },
                ]
              }
              type="button"
            >
              20
            </Text>
            <Text
              onPress={[Function]}
              style={
                Array [
                  Object {
                    "flex": 1,
                    "fontFamily": "cloisterblack",
                    "fontSize": 135,
                    "paddingVertical": 34,
                  },
                  null,
                ]
              }
              type="button"
            >
              30
            </Text>
            <Text
              onPress={[Function]}
              style={
                Array [
                  Object {
                    "flex": 1,
                    "fontFamily": "cloisterblack",
                    "fontSize": 135,
                    "paddingVertical": 34,
                  },
                  null,
                ]
              }
              type="button"
            >
              40
            </Text>
          </View>,
          <View
            style={
              Object {
                "padding": 22.5,
                "width": "100%",
              }
            }
          >
            <Text
              onPress={[Function]}
              style={
                Object {
                  "fontSize": 180,
                  "paddingVertical": 67.5,
                  "width": "100%",
                }
              }
              type="button"
            >
              Start
            </Text>
          </View>,
        ],
        "style": Object {
          "alignItems": "stretch",
          "backgroundColor": "#161616",
          "flex": 1,
          "flexDirection": "column",
          "justifyContent": "flex-end",
        },
      },
      "ref": null,
      "rendered": Array [
        Object {
          "instance": null,
          "key": undefined,
          "nodeType": "class",
          "props": Object {
            "source": Object {
              "testUri": "../../../js/screens/Game/bgicon.png",
            },
            "style": Array [
              Object {
                "bottom": 0,
                "left": 0,
                "position": "absolute",
                "right": 0,
                "top": 0,
              },
              Object {
                "height": 1334,
                "width": "100%",
              },
            ],
          },
          "ref": null,
          "rendered": null,
          "type": [Function],
        },
        Object {
          "instance": null,
          "key": undefined,
          "nodeType": "function",
          "props": Object {
            "children": "Players",
            "style": null,
            "type": "label",
          },
          "ref": null,
          "rendered": "Players",
          "type": [Function],
        },
        Object {
          "instance": null,
          "key": undefined,
          "nodeType": "class",
          "props": Object {
            "max": 6,
            "min": 1,
            "onChange": [Function],
            "size": "large",
            "step": 1,
            "stepLarge": 1,
            "value": 2,
          },
          "ref": null,
          "rendered": null,
          "type": [Function],
        },
        Object {
          "instance": null,
          "key": undefined,
          "nodeType": "function",
          "props": Object {
            "children": "Lifepoints",
            "style": null,
            "type": "label",
          },
          "ref": null,
          "rendered": "Lifepoints",
          "type": [Function],
        },
        Object {
          "instance": null,
          "key": undefined,
          "nodeType": "class",
          "props": Object {
            "children": Array [
              <Text
                onPress={[Function]}
                style={
                  Array [
                    Object {
                      "flex": 1,
                      "fontFamily": "cloisterblack",
                      "fontSize": 135,
                      "paddingVertical": 34,
                    },
                    Object {
                      "backgroundColor": "#710000",
                    },
                  ]
                }
                type="button"
              >
                20
              </Text>,
              <Text
                onPress={[Function]}
                style={
                  Array [
                    Object {
                      "flex": 1,
                      "fontFamily": "cloisterblack",
                      "fontSize": 135,
                      "paddingVertical": 34,
                    },
                    null,
                  ]
                }
                type="button"
              >
                30
              </Text>,
              <Text
                onPress={[Function]}
                style={
                  Array [
                    Object {
                      "flex": 1,
                      "fontFamily": "cloisterblack",
                      "fontSize": 135,
                      "paddingVertical": 34,
                    },
                    null,
                  ]
                }
                type="button"
              >
                40
              </Text>,
            ],
            "style": Object {
              "alignItems": "center",
              "flex": 1,
              "flexDirection": "row",
              "height": "20%",
              "justifyContent": "space-around",
            },
          },
          "ref": null,
          "rendered": Array [
            Object {
              "instance": null,
              "key": "buttonLifePoints20",
              "nodeType": "function",
              "props": Object {
                "children": 20,
                "onPress": [Function],
                "style": Array [
                  Object {
                    "flex": 1,
                    "fontFamily": "cloisterblack",
                    "fontSize": 135,
                    "paddingVertical": 34,
                  },
                  Object {
                    "backgroundColor": "#710000",
                  },
                ],
                "type": "button",
              },
              "ref": null,
              "rendered": 20,
              "type": [Function],
            },
            Object {
              "instance": null,
              "key": "buttonLifePoints30",
              "nodeType": "function",
              "props": Object {
                "children": 30,
                "onPress": [Function],
                "style": Array [
                  Object {
                    "flex": 1,
                    "fontFamily": "cloisterblack",
                    "fontSize": 135,
                    "paddingVertical": 34,
                  },
                  null,
                ],
                "type": "button",
              },
              "ref": null,
              "rendered": 30,
              "type": [Function],
            },
            Object {
              "instance": null,
              "key": "buttonLifePoints40",
              "nodeType": "function",
              "props": Object {
                "children": 40,
                "onPress": [Function],
                "style": Array [
                  Object {
                    "flex": 1,
                    "fontFamily": "cloisterblack",
                    "fontSize": 135,
                    "paddingVertical": 34,
                  },
                  null,
                ],
                "type": "button",
              },
              "ref": null,
              "rendered": 40,
              "type": [Function],
            },
          ],
          "type": [Function],
        },
        Object {
          "instance": null,
          "key": undefined,
          "nodeType": "class",
          "props": Object {
            "children": <Text
              onPress={[Function]}
              style={
                Object {
                  "fontSize": 180,
                  "paddingVertical": 67.5,
                  "width": "100%",
                }
              }
              type="button"
            >
              Start
            </Text>,
            "style": Object {
              "padding": 22.5,
              "width": "100%",
            },
          },
          "ref": null,
          "rendered": Object {
            "instance": null,
            "key": undefined,
            "nodeType": "function",
            "props": Object {
              "children": "Start",
              "onPress": [Function],
              "style": Object {
                "fontSize": 180,
                "paddingVertical": 67.5,
                "width": "100%",
              },
              "type": "button",
            },
            "ref": null,
            "rendered": "Start",
            "type": [Function],
          },
          "type": [Function],
        },
      ],
      "type": [Function],
    },
  ],
  Symbol(enzyme.__options__): Object {
    "adapter": ReactSixteenAdapter {
      "options": Object {
        "enableComponentDidUpdateOnSetState": true,
      },
    },
  },
}
`;
