// Jest Snapshot v1, https://goo.gl/fbAQLP

exports[`<SpinnerButton /> renders without crashing 1`] = `
ShallowWrapper {
  "length": 1,
  Symbol(enzyme.__root__): [Circular],
  Symbol(enzyme.__unrendered__): <SpinnerButton
    content="-"
    onHold={null}
    onPress={[MockFunction]}
  />,
  Symbol(enzyme.__renderer__): Object {
    "batchedUpdates": [Function],
    "getNode": [Function],
    "render": [Function],
    "simulateEvent": [Function],
    "unmount": [Function],
  },
  Symbol(enzyme.__node__): Object {
    "instance": null,
    "key": undefined,
    "nodeType": "class",
    "props": Object {
      "children": <View
        style={
          Array [
            Object {
              "flex": 1,
            },
          ]
        }
      >
        <Text
          style={
            Object {
              "fontFamily": "cloisterblack",
              "textAlign": "center",
              "width": "100%",
            }
          }
          type="label"
        >
          -
        </Text>
      </View>,
      "hitSlop": Object {
        "bottom": 100,
        "left": 100,
        "right": 100,
        "top": 100,
      },
      "onPress": [Function],
      "onPressIn": [Function],
      "onPressOut": [Function],
    },
    "ref": null,
    "rendered": Object {
      "instance": null,
      "key": undefined,
      "nodeType": "class",
      "props": Object {
        "children": <Text
          style={
            Object {
              "fontFamily": "cloisterblack",
              "textAlign": "center",
              "width": "100%",
            }
          }
          type="label"
        >
          -
        </Text>,
        "style": Array [
          Object {
            "flex": 1,
          },
        ],
      },
      "ref": null,
      "rendered": Object {
        "instance": null,
        "key": undefined,
        "nodeType": "function",
        "props": Object {
          "children": "-",
          "style": Object {
            "fontFamily": "cloisterblack",
            "textAlign": "center",
            "width": "100%",
          },
          "type": "label",
        },
        "ref": null,
        "rendered": "-",
        "type": [Function],
      },
      "type": [Function],
    },
    "type": [Function],
  },
  Symbol(enzyme.__nodes__): Array [
    Object {
      "instance": null,
      "key": undefined,
      "nodeType": "class",
      "props": Object {
        "children": <View
          style={
            Array [
              Object {
                "flex": 1,
              },
            ]
          }
        >
          <Text
            style={
              Object {
                "fontFamily": "cloisterblack",
                "textAlign": "center",
                "width": "100%",
              }
            }
            type="label"
          >
            -
          </Text>
        </View>,
        "hitSlop": Object {
          "bottom": 100,
          "left": 100,
          "right": 100,
          "top": 100,
        },
        "onPress": [Function],
        "onPressIn": [Function],
        "onPressOut": [Function],
      },
      "ref": null,
      "rendered": Object {
        "instance": null,
        "key": undefined,
        "nodeType": "class",
        "props": Object {
          "children": <Text
            style={
              Object {
                "fontFamily": "cloisterblack",
                "textAlign": "center",
                "width": "100%",
              }
            }
            type="label"
          >
            -
          </Text>,
          "style": Array [
            Object {
              "flex": 1,
            },
          ],
        },
        "ref": null,
        "rendered": Object {
          "instance": null,
          "key": undefined,
          "nodeType": "function",
          "props": Object {
            "children": "-",
            "style": Object {
              "fontFamily": "cloisterblack",
              "textAlign": "center",
              "width": "100%",
            },
            "type": "label",
          },
          "ref": null,
          "rendered": "-",
          "type": [Function],
        },
        "type": [Function],
      },
      "type": [Function],
    },
  ],
  Symbol(enzyme.__options__): Object {
    "adapter": ReactSixteenAdapter {
      "options": Object {
        "enableComponentDidUpdateOnSetState": true,
      },
    },
  },
}
`;
