// Jest Snapshot v1, https://goo.gl/fbAQLP

exports[`<Text /> renders without crashing 1`] = `
ShallowWrapper {
  "length": 1,
  Symbol(enzyme.__root__): [Circular],
  Symbol(enzyme.__unrendered__): <Text
    style={null}
    type="heading"
  >
    Heading
  </Text>,
  Symbol(enzyme.__renderer__): Object {
    "batchedUpdates": [Function],
    "getNode": [Function],
    "render": [Function],
    "simulateEvent": [Function],
    "unmount": [Function],
  },
  Symbol(enzyme.__node__): Object {
    "instance": null,
    "key": undefined,
    "nodeType": "class",
    "props": Object {
      "accessible": true,
      "allowFontScaling": true,
      "children": "Heading",
      "ellipsizeMode": "tail",
      "style": Object {
        "color": "#b2b2b0",
        "fontSize": 225,
        "fontWeight": "bold",
        "textAlign": "left",
      },
      "type": "heading",
    },
    "ref": null,
    "rendered": "Heading",
    "type": [Function],
  },
  Symbol(enzyme.__nodes__): Array [
    Object {
      "instance": null,
      "key": undefined,
      "nodeType": "class",
      "props": Object {
        "accessible": true,
        "allowFontScaling": true,
        "children": "Heading",
        "ellipsizeMode": "tail",
        "style": Object {
          "color": "#b2b2b0",
          "fontSize": 225,
          "fontWeight": "bold",
          "textAlign": "left",
        },
        "type": "heading",
      },
      "ref": null,
      "rendered": "Heading",
      "type": [Function],
    },
  ],
  Symbol(enzyme.__options__): Object {
    "adapter": ReactSixteenAdapter {
      "options": Object {
        "enableComponentDidUpdateOnSetState": true,
      },
    },
  },
}
`;
